Microchip MPLAB XC8 Compiler V2.20

Linker command line:

-W-3 --edf=C:\Program Files\Microchip\xc8\v2.20\pic\dat\en_msgs.txt -cn \
  -h+dist/default/production\Projeto_SO_2022_1.X.production.sym \
  --cmf=dist/default/production\Projeto_SO_2022_1.X.production.cmf -z \
  -Q18F4520 -oC:\Users\ander\AppData\Local\Temp\se60.2 \
  --defsym=__MPLAB_BUILD=1 \
  -Mdist/default/production/Projeto_SO_2022_1.X.production.map -E1 \
  -ver=XC8 Compiler --acfsm=1493 -ASTACK=080h-01B7h -pstack=STACK \
  -ACODE=00h-07FFFh -ACONST=00h-07FFFh -ASMALLCONST=0600h-06FFhx122 \
  -AMEDIUMCONST=0600h-07FFFh -ACOMRAM=01h-07Fh -AABS1=00h-05FFh \
  -ABIGRAM=01h-05FFh -ARAM=080h-0FFh,0100h-01FFhx5 -ABANK0=080h-0FFh \
  -ABANK1=0100h-01FFh -ABANK2=0200h-02FFh -ABANK3=0300h-03FFh \
  -ABANK4=0400h-04FFh -ABANK5=0500h-05FFh -ASFR=0F80h-0FFFh \
  -ACONFIG=0300000h-030000Dh -AIDLOC=0200000h-0200007h \
  -preset_vec=00h,intcode=08h,intcodelo,powerup,init -pramtop=0600h \
  -psmallconst=SMALLCONST -pmediumconst=MEDIUMCONST -pconst=CONST \
  -AFARRAM=00h-00h -AEEDATA=0F00000h-0F000FFh -peeprom_data=EEDATA \
  -prdata=COMRAM,nvrram=COMRAM,nvbit=COMRAM,rbss=COMRAM,rbit=COMRAM \
  -pfarbss=FARRAM,fardata=FARRAM,nvFARRAM=FARRAM \
  -pintsave_regs=BIGRAM,bigbss=BIGRAM,bigdata=BIGRAM -pbss=RAM \
  -pidata=CODE,irdata=CODE,ibigdata=CODE,ifardata=CODE -prparam=COMRAM \
  C:\Users\ander\AppData\Local\Temp\se60.o \
  dist/default/production\Projeto_SO_2022_1.X.production.o 

Object code version is 3.11

Machine type is 18F4520



                Name                               Link     Load   Length Selector   Space Scale
C:\Users\ander\AppData\Local\Temp\se60.o
                stack                                80       80      138       80       2
                idloc                            200000   200000        8        0       5
                config                           300000   300000        E        0       4
                init                                  C        C        8        4       0
                reset_vec                             0        0        4        0       0
dist/default/production\Projeto_SO_2022_1.X.production.o
                intcode                               8        8        4        4       0
                idloc                            200000   200000        8        0       5
                config                           300000   300000        E        0       4
                temp                                  8        8       20        1       1
                codecov_info                          0        0     1634        0       6
                codecov_info_hdr                      0        0       10        0       6
                text17                             1792     1792       96        4       0
                intcode_body                        AF6      AF6      4E2        4       0
                text15                             1A6E     1A6E       28        4       0
                text14                             1A36     1A36       38        4       0
                text13                             19F4     19F4       42        4       0
                text12                             16AA     16AA       E8        4       0
                text11                             1484     1484      134        4       0
                text10                             1ABC     1ABC       10        4       0
                text9                               FD8      FD8      4AC        4       0
                text8                               598      598      55E        4       0
                text7                                14       14      584        4       0
                text6                              195E     195E       4C        4       0
                text5                              1828     1828       78        4       0
                text4                              1A96     1A96       16        4       0
                text3                              15B8     15B8       F2        4       0
                text2                              1906     1906       58        4       0
                text1                              1AAC     1AAC       10        4       0
                text0                              18A0     18A0       66        4       0
                cstackCOMRAM                         28       28       19        1       1
                bssBIGRAM                           1B8      1B8      448      1B8       1
                dataCOMRAM                           50       50        2        1       1
                bssCOMRAM                            41       41        F        1       1
                bitbssCOMRAM                          8        1       31        1       1     8
                cinit                              19AA     19AA       4A        4       0
                idataCOMRAM                        1ACC     1ACC        2        4       0

TOTAL           Name                               Link     Load   Length     Space
        CLASS   STACK          
                stack                                80       80      138         2

        CLASS   CODE           
                intcode                               8        8        4         0
                init                                  C        C        8         0
                reset_vec                             0        0        4         0
                text17                             1792     1792       96         0
                intcode_body                        AF6      AF6      4E2         0
                text15                             1A6E     1A6E       28         0
                text14                             1A36     1A36       38         0
                text13                             19F4     19F4       42         0
                text12                             16AA     16AA       E8         0
                text11                             1484     1484      134         0
                text10                             1ABC     1ABC       10         0
                text9                               FD8      FD8      4AC         0
                text8                               598      598      55E         0
                text7                                14       14      584         0
                text6                              195E     195E       4C         0
                text5                              1828     1828       78         0
                text4                              1A96     1A96       16         0
                text3                              15B8     15B8       F2         0
                text2                              1906     1906       58         0
                text1                              1AAC     1AAC       10         0
                text0                              18A0     18A0       66         0
                cinit                              19AA     19AA       4A         0
                idataCOMRAM                        1ACC     1ACC        2         0

        CLASS   CONST          

        CLASS   SMALLCONST     

        CLASS   MEDIUMCONST    

        CLASS   COMRAM         
                temp                                  8        8       20         1
                cstackCOMRAM                         28       28       19         1
                dataCOMRAM                           50       50        2         1
                bssCOMRAM                            41       41        F         1
                bitbssCOMRAM                          8        1       31         1

        CLASS   ABS1           

        CLASS   BIGRAM         
                bssBIGRAM                           1B8      1B8      448         1

        CLASS   RAM            

        CLASS   BANK0          

        CLASS   BANK1          

        CLASS   BANK2          

        CLASS   BANK3          

        CLASS   BANK4          

        CLASS   BANK5          

        CLASS   SFR            

        CLASS   CONFIG         
                config                           300000   300000        E         4

        CLASS   IDLOC          
                idloc                            200000   200000        8         5

        CLASS   FARRAM         

        CLASS   EEDATA         

        CLASS   UNCLASSED
                codecov_info                          0        0     1634         6
                codecov_info_hdr                      0        0       10         6


SEGMENTS        Name                           Load    Length   Top    Selector   Space  Class

                reset_vec                      000000  000004  000004         0       0  CODE    
                bitbssCOMRAM                   000001  000051  000052         1       1  COMRAM  
                intcode                        000008  001AC6  001ACE         4       0  CODE    
                stack                          000080  000138  0001B8        80       2  STACK   
                bssBIGRAM                      0001B8  000448  000600       1B8       1  BIGRAM  


UNUSED ADDRESS RANGES

        Name                Unused          Largest block    Delta
        BANK0            000080-0000FF               80
        BANK1            000100-0001B7               B8
        BIGRAM           000052-0001B7              166
        CODE             000004-000007                4
                         001ACE-007FFF             6532
        COMRAM           000052-00007F               2E
        CONST            000004-000007                4
                         001ACE-007FFF             6532
        EEDATA           F00000-F000FF              100
        MEDIUMCONST      001ACE-007FFF             6532
        RAM              000080-0001B7               80
        SFR              000F80-000FFF               80
        SMALLCONST       001ACE-007FFF              100

                                  Symbol Table

_BSR                         (abs)            000FE0
_INTCONbits                  (abs)            000FF2
_LATCbits                    (abs)            000F8B
_LATDbits                    (abs)            000F8C
_PORTCbits                   (abs)            000F82
_PORTDbits                   (abs)            000F83
_RR_scheduler                text11           001484
_STATUS                      (abs)            000FD8
_STKPTR                      (abs)            000FFC
_T0CONbits                   (abs)            000FD5
_TMR0                        (abs)            000FD6
_TOS                         (abs)            000FFD
_TRISBbits                   (abs)            000F93
_TRISCbits                   (abs)            000F94
_TRISDbits                   (abs)            000F95
_WREG                        (abs)            000FE8
__HRAM                       (abs)            000000
__Habs1                      abs1             000000
__Hbank0                     bank0            000000
__Hbank1                     bank1            000000
__Hbank2                     bank2            000000
__Hbank3                     bank3            000000
__Hbank4                     bank4            000000
__Hbank5                     bank5            000000
__Hbigbss                    bigbss           000000
__Hbigdata                   bigdata          000000
__Hbigram                    bigram           000000
__HbitbssCOMRAM              bitbssCOMRAM     000000
__Hbss                       bss              000000
__HbssBIGRAM                 bssBIGRAM        000000
__HbssCOMRAM                 bssCOMRAM        000000
__Hcinit                     cinit            000000
__Hclrtext                   clrtext          000000
__Hcodecov_info              codecov_info     001634
__Hcodecov_info_hdr          codecov_info_hdr 000010
__Hcomram                    comram           000000
__Hconfig                    config           30000E
__Hconst                     const            000000
__HcstackCOMRAM              cstackCOMRAM     000000
__Hdata                      data             000000
__HdataCOMRAM                dataCOMRAM       000000
__Heeprom_data               eeprom_data      000000
__Hfarbss                    farbss           000000
__Hfardata                   fardata          000000
__Hibigdata                  ibigdata         000000
__Hidata                     idata            000000
__HidataCOMRAM               idataCOMRAM      000000
__Hidloc                     idloc            200008
__Hifardata                  ifardata         000000
__Hinit                      init             000014
__Hintcode                   intcode          00000C
__Hintcode_body              intcode_body     000000
__Hintcodelo                 intcodelo        00000C
__Hintentry                  intentry         000000
__Hintret                    intret           000000
__Hintsave_regs              intsave_regs     000000
__Hirdata                    irdata           000000
__Hmediumconst               mediumconst      000000
__HnvFARRAM                  nvFARRAM         000000
__Hnvbit                     nvbit            000000
__Hnvrram                    nvrram           000000
__Hparam                     rparam           000000
__Hpowerup                   powerup          00000C
__Hram                       ram              000000
__Hramtop                    ramtop           000600
__Hrbit                      rbit             000000
__Hrbss                      rbss             000000
__Hrdata                     rdata            000000
__Hreset_vec                 reset_vec        000004
__Hrparam                    rparam           000000
__Hsfr                       sfr              000000
__Hsmallconst                smallconst       000000
__Hspace_0                   (abs)            001ACE
__Hspace_1                   (abs)            000600
__Hspace_2                   (abs)            0001B8
__Hspace_4                   (abs)            60000E
__Hstack                     stack            0001B8
__Hstruct                    struct           000000
__Htemp                      temp             000028
__Htext                      text             000000
__Htext0                     text0            000000
__Htext1                     text1            000000
__Htext10                    text10           000000
__Htext11                    text11           000000
__Htext12                    text12           000000
__Htext13                    text13           000000
__Htext14                    text14           000000
__Htext15                    text15           000000
__Htext17                    text17           000000
__Htext18                    text18           000000
__Htext2                     text2            000000
__Htext3                     text3            000000
__Htext4                     text4            000000
__Htext5                     text5            000000
__Htext6                     text6            000000
__Htext7                     text7            000000
__Htext8                     text8            000000
__Htext9                     text9            000000
__LRAM                       (abs)            000001
__Labs1                      abs1             000000
__Lbank0                     bank0            000000
__Lbank1                     bank1            000000
__Lbank2                     bank2            000000
__Lbank3                     bank3            000000
__Lbank4                     bank4            000000
__Lbank5                     bank5            000000
__Lbigbss                    bigbss           000000
__Lbigdata                   bigdata          000000
__Lbigram                    bigram           000000
__LbitbssCOMRAM              bitbssCOMRAM     000000
__Lbss                       bss              000000
__LbssBIGRAM                 bssBIGRAM        000000
__LbssCOMRAM                 bssCOMRAM        000000
__Lcinit                     cinit            000000
__Lclrtext                   clrtext          000000
__Lcodecov_info              codecov_info     000000
__Lcodecov_info_hdr          codecov_info_hdr 000000
__Lcomram                    comram           000000
__Lconfig                    config           000000
__Lconst                     const            000000
__LcstackCOMRAM              cstackCOMRAM     000000
__Ldata                      data             000000
__LdataCOMRAM                dataCOMRAM       000000
__Leeprom_data               eeprom_data      000000
__Lfarbss                    farbss           000000
__Lfardata                   fardata          000000
__Libigdata                  ibigdata         000000
__Lidata                     idata            000000
__LidataCOMRAM               idataCOMRAM      000000
__Lidloc                     idloc            000000
__Lifardata                  ifardata         000000
__Linit                      init             00000C
__Lintcode                   intcode          000008
__Lintcode_body              intcode_body     000000
__Lintcodelo                 intcodelo        00000C
__Lintentry                  intentry         000000
__Lintret                    intret           000000
__Lintsave_regs              intsave_regs     000000
__Lirdata                    irdata           000000
__Lmediumconst               mediumconst      000000
__LnvFARRAM                  nvFARRAM         000000
__Lnvbit                     nvbit            000000
__Lnvrram                    nvrram           000000
__Lparam                     rparam           000000
__Lpowerup                   powerup          00000C
__Lram                       ram              000000
__Lramtop                    ramtop           000600
__Lrbit                      rbit             000000
__Lrbss                      rbss             000000
__Lrdata                     rdata            000000
__Lreset_vec                 reset_vec        000000
__Lrparam                    rparam           000000
__Lsfr                       sfr              000000
__Lsmallconst                smallconst       000000
__Lspace_0                   (abs)            000000
__Lspace_1                   (abs)            000000
__Lspace_2                   (abs)            000000
__Lspace_4                   (abs)            000000
__Lstack                     stack            000080
__Lstruct                    struct           000000
__Ltemp                      temp             000008
__Ltext                      text             000000
__Ltext0                     text0            000000
__Ltext1                     text1            000000
__Ltext10                    text10           000000
__Ltext11                    text11           000000
__Ltext12                    text12           000000
__Ltext13                    text13           000000
__Ltext14                    text14           000000
__Ltext15                    text15           000000
__Ltext17                    text17           000000
__Ltext18                    text18           000000
__Ltext2                     text2            000000
__Ltext3                     text3            000000
__Ltext4                     text4            000000
__Ltext5                     text5            000000
__Ltext6                     text6            000000
__Ltext7                     text7            000000
__Ltext8                     text8            000000
__Ltext9                     text9            000000
__S0                         (abs)            001ACE
__S1                         (abs)            000600
__S2                         (abs)            0001B8
__S4                         (abs)            000000
__S5                         (abs)            000000
___inthi_sp                  stack            0000E8
___intlo_sp                  stack            000150
___lwmod                     text12           0016AA
___param_bank                (abs)            000000
___rparam_used               (abs)            000001
___sp                        stack            000080
___wmul                      text17           001792
__accesstop                  (abs)            000080
__activetblptr               (abs)            000000
__ccov100_end_blk23          text9            00128C
__ccov100_start_blk23        text9            00128A
__ccov101_end_blk24          text9            0012C8
__ccov101_start_blk24        text9            00128C
__ccov102_end_blk25          text9            001358
__ccov102_start_blk25        text9            0012C8
__ccov103_end_blk27          text9            00137A
__ccov103_start_blk27        text9            001358
__ccov104_end_blk28          text9            0013E8
__ccov104_start_blk28        text9            00137A
__ccov105_end_blk30          text9            001408
__ccov105_start_blk30        text9            0013E8
__ccov106_end_blk32          text9            00140A
__ccov106_start_blk32        text9            001408
__ccov107_end_blk33          text9            001448
__ccov107_start_blk33        text9            00140A
__ccov108_end_blk34          text9            001476
__ccov108_start_blk34        text9            001448
__ccov109_end_blk35          text9            001478
__ccov109_start_blk35        text9            001476
__ccov10_end_blk2            text6            00198A
__ccov10_start_blk2          text6            00197E
__ccov110_end_blk37          text9            001484
__ccov110_start_blk37        text9            001478
__ccov111_end_blk0           text1            001AB0
__ccov111_start_blk0         text1            001AAC
__ccov112_end_blk1           text1            001AB8
__ccov112_start_blk1         text1            001AB0
__ccov113_end_blk2           text1            001ABC
__ccov113_start_blk2         text1            001AB8
__ccov115_end_blk1           text15           001A94
__ccov115_start_blk1         text15           001A6E
__ccov116_end_blk0           text11           001494
__ccov116_start_blk0         text11           001484
__ccov117_end_blk2           text11           0014D4
__ccov117_start_blk2         text11           001494
__ccov118_end_blk3           text11           001512
__ccov118_start_blk3         text11           0014D4
__ccov119_end_blk4           text11           001520
__ccov119_start_blk4         text11           001512
__ccov11_end_blk3            text6            001996
__ccov11_start_blk3          text6            00198A
__ccov120_end_blk7           text11           00155A
__ccov120_start_blk7         text11           001520
__ccov121_end_blk8           text11           00159E
__ccov121_start_blk8         text11           00155A
__ccov122_end_blk11          text11           0015AC
__ccov122_start_blk11        text11           00159E
__ccov123_end_blk13          text11           0015B8
__ccov123_start_blk13        text11           0015AC
__ccov124_end_blk0           text10           001AC8
__ccov124_start_blk0         text10           001ABC
__ccov125_end_blk1           text10           001ACC
__ccov125_start_blk1         text10           001AC8
__ccov126_end_blk0           text5            001838
__ccov126_start_blk0         text5            001828
__ccov127_end_blk1           text5            001858
__ccov127_start_blk1         text5            001838
__ccov128_end_blk2           text5            001878
__ccov128_start_blk2         text5            001858
__ccov129_end_blk3           text5            001898
__ccov129_start_blk3         text5            001878
__ccov12_end_blk4            text6            0019A8
__ccov12_start_blk4          text6            001996
__ccov130_end_blk4           text5            0018A0
__ccov130_start_blk4         text5            001898
__ccov131_end_blk0           text8            0005A2
__ccov131_start_blk0         text8            000598
__ccov132_end_blk1           text8            0005BE
__ccov132_start_blk1         text8            0005A2
__ccov133_end_blk2           text8            0005D4
__ccov133_start_blk2         text8            0005BE
__ccov134_end_blk4           text8            000622
__ccov134_start_blk4         text8            0005D4
__ccov135_end_blk5           text8            000672
__ccov135_start_blk5         text8            000622
__ccov136_end_blk6           text8            000690
__ccov136_start_blk6         text8            000672
__ccov137_end_blk7           text8            000698
__ccov137_start_blk7         text8            000690
__ccov138_end_blk8           text8            0006A4
__ccov138_start_blk8         text8            000698
__ccov139_end_blk10          text8            0006A6
__ccov139_start_blk10        text8            0006A4
__ccov140_end_blk11          text8            0006E0
__ccov140_start_blk11        text8            0006A6
__ccov141_end_blk12          text8            000798
__ccov141_start_blk12        text8            0006E0
__ccov142_end_blk14          text8            000806
__ccov142_start_blk14        text8            000798
__ccov143_end_blk15          text8            000824
__ccov143_start_blk15        text8            000806
__ccov144_end_blk16          text8            000836
__ccov144_start_blk16        text8            000824
__ccov145_end_blk18          text8            000876
__ccov145_start_blk18        text8            000836
__ccov146_end_blk19          text8            0008A6
__ccov146_start_blk19        text8            000876
__ccov147_end_blk21          text8            0008A8
__ccov147_start_blk21        text8            0008A6
__ccov148_end_blk23          text8            0008AC
__ccov148_start_blk23        text8            0008A8
__ccov149_end_blk24          text8            0008B8
__ccov149_start_blk24        text8            0008AC
__ccov14_end_blk1            text13           001A00
__ccov14_start_blk1          text13           0019F4
__ccov150_end_blk25          text8            0008F6
__ccov150_start_blk25        text8            0008B8
__ccov151_end_blk27          text8            0008F8
__ccov151_start_blk27        text8            0008F6
__ccov152_end_blk28          text8            0008FA
__ccov152_start_blk28        text8            0008F8
__ccov153_end_blk29          text8            000936
__ccov153_start_blk29        text8            0008FA
__ccov154_end_blk30          text8            0009C6
__ccov154_start_blk30        text8            000936
__ccov155_end_blk32          text8            0009E8
__ccov155_start_blk32        text8            0009C6
__ccov156_end_blk33          text8            000A56
__ccov156_start_blk33        text8            0009E8
__ccov157_end_blk35          text8            000A76
__ccov157_start_blk35        text8            000A56
__ccov158_end_blk37          text8            000A78
__ccov158_start_blk37        text8            000A76
__ccov159_end_blk38          text8            000AB6
__ccov159_start_blk38        text8            000A78
__ccov15_end_blk2            text13           001A22
__ccov15_start_blk2          text13           001A00
__ccov160_end_blk39          text8            000AE4
__ccov160_start_blk39        text8            000AB6
__ccov161_end_blk40          text8            000AE8
__ccov161_start_blk40        text8            000AE4
__ccov162_end_blk43          text8            000AEA
__ccov162_start_blk43        text8            000AE8
__ccov163_end_blk44          text8            000AF6
__ccov163_start_blk44        text8            000AEA
__ccov164_end_blk0           text7            00001E
__ccov164_start_blk0         text7            000014
__ccov165_end_blk1           text7            00002E
__ccov165_start_blk1         text7            00001E
__ccov166_end_blk2           text7            000058
__ccov166_start_blk2         text7            00002E
__ccov167_end_blk3           text7            0000C4
__ccov167_start_blk3         text7            000058
__ccov168_end_blk4           text7            000114
__ccov168_start_blk4         text7            0000C4
__ccov169_end_blk5           text7            000132
__ccov169_start_blk5         text7            000114
__ccov16_end_blk3            text13           001A34
__ccov16_start_blk3          text13           001A22
__ccov170_end_blk6           text7            00013A
__ccov170_start_blk6         text7            000132
__ccov171_end_blk7           text7            000146
__ccov171_start_blk7         text7            00013A
__ccov172_end_blk9           text7            000148
__ccov172_start_blk9         text7            000146
__ccov173_end_blk10          text7            000182
__ccov173_start_blk10        text7            000148
__ccov174_end_blk11          text7            00023A
__ccov174_start_blk11        text7            000182
__ccov175_end_blk13          text7            0002A8
__ccov175_start_blk13        text7            00023A
__ccov176_end_blk14          text7            0002C6
__ccov176_start_blk14        text7            0002A8
__ccov177_end_blk15          text7            0002D8
__ccov177_start_blk15        text7            0002C6
__ccov178_end_blk17          text7            000318
__ccov178_start_blk17        text7            0002D8
__ccov179_end_blk18          text7            000348
__ccov179_start_blk18        text7            000318
__ccov180_end_blk20          text7            00034A
__ccov180_start_blk20        text7            000348
__ccov181_end_blk22          text7            00034E
__ccov181_start_blk22        text7            00034A
__ccov182_end_blk23          text7            00035A
__ccov182_start_blk23        text7            00034E
__ccov183_end_blk24          text7            000398
__ccov183_start_blk24        text7            00035A
__ccov184_end_blk26          text7            00039A
__ccov184_start_blk26        text7            000398
__ccov185_end_blk27          text7            00039C
__ccov185_start_blk27        text7            00039A
__ccov186_end_blk28          text7            0003D8
__ccov186_start_blk28        text7            00039C
__ccov187_end_blk29          text7            000468
__ccov187_start_blk29        text7            0003D8
__ccov188_end_blk31          text7            00048A
__ccov188_start_blk31        text7            000468
__ccov189_end_blk32          text7            0004F8
__ccov189_start_blk32        text7            00048A
__ccov18_end_blk1            text14           001A5A
__ccov18_start_blk1          text14           001A36
__ccov190_end_blk34          text7            000518
__ccov190_start_blk34        text7            0004F8
__ccov191_end_blk36          text7            00051A
__ccov191_start_blk36        text7            000518
__ccov192_end_blk37          text7            000558
__ccov192_start_blk37        text7            00051A
__ccov193_end_blk38          text7            000586
__ccov193_start_blk38        text7            000558
__ccov194_end_blk39          text7            00058A
__ccov194_start_blk39        text7            000586
__ccov195_end_blk42          text7            00058C
__ccov195_start_blk42        text7            00058A
__ccov196_end_blk43          text7            000598
__ccov196_start_blk43        text7            00058C
__ccov19_end_blk2            text14           001A6C
__ccov19_start_blk2          text14           001A5A
__ccov1_end_blk0             text0            0018F8
__ccov1_start_blk0           text0            0018A0
__ccov20_end_blk0            intcode_body     000B3A
__ccov20_start_blk0          intcode_body     000AF6
__ccov21_end_blk1            intcode_body     000B42
__ccov21_start_blk1          intcode_body     000B3A
__ccov22_end_blk2            intcode_body     000B52
__ccov22_start_blk2          intcode_body     000B42
__ccov23_end_blk3            intcode_body     000B54
__ccov23_start_blk3          intcode_body     000B52
__ccov24_end_blk4            intcode_body     000B5C
__ccov24_start_blk4          intcode_body     000B54
__ccov25_end_blk5            intcode_body     000B64
__ccov25_start_blk5          intcode_body     000B5C
__ccov26_end_blk7            intcode_body     000B96
__ccov26_start_blk7          intcode_body     000B64
__ccov27_end_blk8            intcode_body     000BF0
__ccov27_start_blk8          intcode_body     000B96
__ccov28_end_blk9            intcode_body     000C16
__ccov28_start_blk9          intcode_body     000BF0
__ccov29_end_blk12           intcode_body     000C1C
__ccov29_start_blk12         intcode_body     000C16
__ccov2_end_blk1             text0            0018FC
__ccov2_start_blk1           text0            0018F8
__ccov30_end_blk14           intcode_body     000C36
__ccov30_start_blk14         intcode_body     000C1C
__ccov31_end_blk16           intcode_body     000C3C
__ccov31_start_blk16         intcode_body     000C36
__ccov32_end_blk17           intcode_body     000C50
__ccov32_start_blk17         intcode_body     000C3C
__ccov33_end_blk18           intcode_body     000C58
__ccov33_start_blk18         intcode_body     000C50
__ccov34_end_blk19           intcode_body     000C5C
__ccov34_start_blk19         intcode_body     000C58
__ccov35_end_blk20           intcode_body     000C64
__ccov35_start_blk20         intcode_body     000C5C
__ccov36_end_blk22           intcode_body     000C66
__ccov36_start_blk22         intcode_body     000C64
__ccov37_end_blk23           intcode_body     000C96
__ccov37_start_blk23         intcode_body     000C66
__ccov38_end_blk24           intcode_body     000D30
__ccov38_start_blk24         intcode_body     000C96
__ccov39_end_blk25           intcode_body     000D8A
__ccov39_start_blk25         intcode_body     000D30
__ccov40_end_blk26           intcode_body     000D8E
__ccov40_start_blk26         intcode_body     000D8A
__ccov41_end_blk27           intcode_body     000DA0
__ccov41_start_blk27         intcode_body     000D8E
__ccov42_end_blk29           intcode_body     000DEE
__ccov42_start_blk29         intcode_body     000DA0
__ccov43_end_blk31           intcode_body     000DF0
__ccov43_start_blk31         intcode_body     000DEE
__ccov44_end_blk33           intcode_body     000DF4
__ccov44_start_blk33         intcode_body     000DF0
__ccov45_end_blk34           intcode_body     000DFC
__ccov45_start_blk34         intcode_body     000DF4
__ccov46_end_blk35           intcode_body     000E24
__ccov46_start_blk35         intcode_body     000DFC
__ccov47_end_blk37           intcode_body     000E26
__ccov47_start_blk37         intcode_body     000E24
__ccov48_end_blk38           intcode_body     000E28
__ccov48_start_blk38         intcode_body     000E26
__ccov49_end_blk39           intcode_body     000E5A
__ccov49_start_blk39         intcode_body     000E28
__ccov4_end_blk3             text0            001902
__ccov4_start_blk3           text0            0018FC
__ccov50_end_blk40           intcode_body     000ECC
__ccov50_start_blk40         intcode_body     000E5A
__ccov51_end_blk42           intcode_body     000ED4
__ccov51_start_blk42         intcode_body     000ECC
__ccov52_end_blk43           intcode_body     000F2E
__ccov52_start_blk43         intcode_body     000ED4
__ccov53_end_blk45           intcode_body     000F46
__ccov53_start_blk45         intcode_body     000F2E
__ccov54_end_blk47           intcode_body     000F48
__ccov54_start_blk47         intcode_body     000F46
__ccov55_end_blk48           intcode_body     000F7C
__ccov55_start_blk48         intcode_body     000F48
__ccov56_end_blk49           intcode_body     000FA0
__ccov56_start_blk49         intcode_body     000F7C
__ccov57_end_blk50           intcode_body     000FA4
__ccov57_start_blk50         intcode_body     000FA0
__ccov58_end_blk55           intcode_body     000FD8
__ccov58_start_blk55         intcode_body     000FA4
__ccov59_end_blk0            text2            00191E
__ccov59_start_blk0          text2            001906
__ccov5_end_blk0             text4            001A9C
__ccov5_start_blk0           text4            001A96
__ccov60_end_blk1            text2            00193A
__ccov60_start_blk1          text2            00191E
__ccov61_end_blk2            text2            00193C
__ccov61_start_blk2          text2            00193A
__ccov62_end_blk3            text2            00193E
__ccov62_start_blk3          text2            00193C
__ccov63_end_blk4            text2            001940
__ccov63_start_blk4          text2            00193E
__ccov64_end_blk5            text2            001942
__ccov64_start_blk5          text2            001940
__ccov65_end_blk6            text2            001944
__ccov65_start_blk6          text2            001942
__ccov66_end_blk7            text2            001946
__ccov66_start_blk7          text2            001944
__ccov67_end_blk8            text2            001948
__ccov67_start_blk8          text2            001946
__ccov68_end_blk9            text2            00194A
__ccov68_start_blk9          text2            001948
__ccov69_end_blk10           text2            00194C
__ccov69_start_blk10         text2            00194A
__ccov6_end_blk1             text4            001AA8
__ccov6_start_blk1           text4            001A9C
__ccov70_end_blk11           text2            00194E
__ccov70_start_blk11         text2            00194C
__ccov71_end_blk12           text2            001956
__ccov71_start_blk12         text2            00194E
__ccov72_end_blk13           text2            00195A
__ccov72_start_blk13         text2            001956
__ccov73_end_blk14           text2            00195E
__ccov73_start_blk14         text2            00195A
__ccov74_end_blk0            text3            0015D8
__ccov74_start_blk0          text3            0015B8
__ccov75_end_blk1            text3            0015FA
__ccov75_start_blk1          text3            0015D8
__ccov76_end_blk2            text3            00161C
__ccov76_start_blk2          text3            0015FA
__ccov77_end_blk3            text3            00162C
__ccov77_start_blk3          text3            00161C
__ccov78_end_blk4            text3            001640
__ccov78_start_blk4          text3            00162C
__ccov79_end_blk5            text3            001654
__ccov79_start_blk5          text3            001640
__ccov7_end_blk2             text4            001AAC
__ccov7_start_blk2           text4            001AA8
__ccov80_end_blk6            text3            001694
__ccov80_start_blk6          text3            001654
__ccov81_end_blk7            text3            00169E
__ccov81_start_blk7          text3            001694
__ccov82_end_blk8            text3            0016AA
__ccov82_start_blk8          text3            00169E
__ccov83_end_blk0            text9            000FE2
__ccov83_start_blk0          text9            000FD8
__ccov84_end_blk1            text9            001022
__ccov84_start_blk1          text9            000FE2
__ccov85_end_blk2            text9            00102A
__ccov85_start_blk2          text9            001022
__ccov86_end_blk3            text9            001036
__ccov86_start_blk3          text9            00102A
__ccov87_end_blk5            text9            001038
__ccov87_start_blk5          text9            001036
__ccov88_end_blk6            text9            001072
__ccov88_start_blk6          text9            001038
__ccov89_end_blk7            text9            00112A
__ccov89_start_blk7          text9            001072
__ccov90_end_blk9            text9            001198
__ccov90_start_blk9          text9            00112A
__ccov91_end_blk10           text9            0011B6
__ccov91_start_blk10         text9            001198
__ccov92_end_blk11           text9            0011C8
__ccov92_start_blk11         text9            0011B6
__ccov93_end_blk13           text9            001208
__ccov93_start_blk13         text9            0011C8
__ccov94_end_blk14           text9            001238
__ccov94_start_blk14         text9            001208
__ccov95_end_blk16           text9            00123A
__ccov95_start_blk16         text9            001238
__ccov96_end_blk18           text9            00123E
__ccov96_start_blk18         text9            00123A
__ccov97_end_blk19           text9            00124A
__ccov97_start_blk19         text9            00123E
__ccov98_end_blk20           text9            001288
__ccov98_start_blk20         text9            00124A
__ccov99_end_blk22           text9            00128A
__ccov99_start_blk22         text9            001288
__ccov9_end_blk1             text6            00197E
__ccov9_start_blk1           text6            00195E
__ccovbit11_21               bitbssCOMRAM     000024
__ccovbit11_31               bitbssCOMRAM     00001A
__ccovbit12_10               bitbssCOMRAM     00002F
__ccovbit13_32               bitbssCOMRAM     000019
__ccovbit14_19               bitbssCOMRAM     000026
__ccovbit14_22               bitbssCOMRAM     000023
__ccovbit15_43               bitbssCOMRAM     00000E
__ccovbit16_36               bitbssCOMRAM     000015
__ccovbit17_11               bitbssCOMRAM     00002E
__ccovbit18_44               bitbssCOMRAM     00000D
__ccovbit19_37               bitbssCOMRAM     000014
__ccovbit1_28                bitbssCOMRAM     00001D
__ccovbit1_33                bitbssCOMRAM     000018
__ccovbit1_6                 bitbssCOMRAM     000033
__ccovbit27_12               bitbssCOMRAM     00002D
__ccovbit28_23               bitbssCOMRAM     000022
__ccovbit29_13               bitbssCOMRAM     00002C
__ccovbit2_2                 bitbssCOMRAM     000037
__ccovbit2_27                bitbssCOMRAM     00001E
__ccovbit2_35                bitbssCOMRAM     000016
__ccovbit2_5                 bitbssCOMRAM     000034
__ccovbit2_7                 bitbssCOMRAM     000032
__ccovbit30_24               bitbssCOMRAM     000021
__ccovbit32_45               bitbssCOMRAM     00000C
__ccovbit33_25               bitbssCOMRAM     000020
__ccovbit33_38               bitbssCOMRAM     000013
__ccovbit34_46               bitbssCOMRAM     00000B
__ccovbit35_39               bitbssCOMRAM     000012
__ccovbit37_26               bitbssCOMRAM     00001F
__ccovbit37_47               bitbssCOMRAM     00000A
__ccovbit38_40               bitbssCOMRAM     000011
__ccovbit39_48               bitbssCOMRAM     000009
__ccovbit3_1                 bitbssCOMRAM     000038
__ccovbit3_4                 bitbssCOMRAM     000035
__ccovbit40_41               bitbssCOMRAM     000010
__ccovbit43_14               bitbssCOMRAM     00002B
__ccovbit43_49               bitbssCOMRAM     000008
__ccovbit44_42               bitbssCOMRAM     00000F
__ccovbit45_15               bitbssCOMRAM     00002A
__ccovbit48_16               bitbssCOMRAM     000029
__ccovbit4_29                bitbssCOMRAM     00001C
__ccovbit4_3                 bitbssCOMRAM     000036
__ccovbit4_34                bitbssCOMRAM     000017
__ccovbit50_17               bitbssCOMRAM     000028
__ccovbit55_18               bitbssCOMRAM     000027
__ccovbit8_20                bitbssCOMRAM     000025
__ccovbit8_30                bitbssCOMRAM     00001B
__ccovbit8_8                 bitbssCOMRAM     000031
__ccovbit9_9                 bitbssCOMRAM     000030
__end_of_RR_scheduler        text11           0015B8
__end_of___lwmod             text12           001792
__end_of___wmul              text17           001828
__end_of__initialization     cinit            0019EE
__end_of_config_os           text2            00195E
__end_of_config_tasks        text4            001AAC
__end_of_create_task         text3            0016AA
__end_of_delay_task          text9            001484
__end_of_init_mutex          text5            0018A0
__end_of_isr_INTERRUPTS      intcode_body     000FD8
__end_of_lock                text8            000AF6
__end_of_main                text0            001906
__end_of_scheduler           text10           001ACC
__end_of_start_os            text1            001ABC
__end_of_task_1              text6            0019AA
__end_of_task_2              text13           001A36
__end_of_task_3              text14           001A6E
__end_of_task_idle           text15           001A96
__end_of_unlock              text7            000598
__initialization             cinit            0019AA
__mediumconst                mediumconst      000000
__pbitbssCOMRAM              bitbssCOMRAM     000008
__pbssBIGRAM                 bssBIGRAM        0001B8
__pbssCOMRAM                 bssCOMRAM        000041
__pcinit                     cinit            0019AA
__pcodecov_info              codecov_info     000000
__pcodecov_info_hdr          codecov_info_hdr 000000
__pcstackCOMRAM              cstackCOMRAM     000028
__pdataCOMRAM                dataCOMRAM       000050
__pidataCOMRAM               idataCOMRAM      001ACC
__pintcode                   intcode          000008
__pintcode_body              intcode_body     000AF6
__ptext0                     text0            0018A0
__ptext1                     text1            001AAC
__ptext10                    text10           001ABC
__ptext11                    text11           001484
__ptext12                    text12           0016AA
__ptext13                    text13           0019F4
__ptext14                    text14           001A36
__ptext15                    text15           001A6E
__ptext17                    text17           001792
__ptext18                    text18           000000
__ptext2                     text2            001906
__ptext3                     text3            0015B8
__ptext4                     text4            001A96
__ptext5                     text5            001828
__ptext6                     text6            00195E
__ptext7                     text7            000014
__ptext8                     text8            000598
__ptext9                     text9            000FD8
__ramtop                     ramtop           000600
__size_of_RR_scheduler       (abs)            000000
__size_of___lwmod            (abs)            000000
__size_of___wmul             (abs)            000000
__size_of_config_os          (abs)            000000
__size_of_config_tasks       (abs)            000000
__size_of_create_task        (abs)            000000
__size_of_delay_task         (abs)            000000
__size_of_init_mutex         (abs)            000000
__size_of_isr_INTERRUPTS     (abs)            000000
__size_of_lock               (abs)            000000
__size_of_main               (abs)            000000
__size_of_scheduler          (abs)            000000
__size_of_start_os           (abs)            000000
__size_of_task_1             (abs)            000000
__size_of_task_2             (abs)            000000
__size_of_task_3             (abs)            000000
__size_of_task_idle          (abs)            000000
__size_of_unlock             (abs)            000000
__smallconst                 smallconst       000000
__uDynamicHeap               bssBIGRAM        000400
_config_os                   text2            001906
_config_tasks                text4            001A96
_create_task                 text3            0015B8
_delay_task                  text9            000FD8
_init_mutex                  text5            001828
_isr_INTERRUPTS              intcode          000008
_lock                        text8            000598
_m_test                      bssCOMRAM        000041
_main                        text0            0018A0
_ready_queue                 bssBIGRAM        0001B8
_rr_quantum_control          dataCOMRAM       000050
_scheduler                   text10           001ABC
_start_os                    text1            001AAC
_task_1                      text6            00195E
_task_2                      text13           0019F4
_task_3                      text14           001A36
_task_idle                   text15           001A6E
_unlock                      text7            000014
btemp                        temp             000008
end_of_initialization        cinit            0019EE
int_func                     intcode_body     000AF6
intlevel0                    text             000000
intlevel1                    text             000000
intlevel2                    text             000000
intlevel3                    text             000000
isr_INTERRUPTS@i             cstackCOMRAM     00003B
isr_INTERRUPTS@p_context     cstackCOMRAM     000037
isr_INTERRUPTS@p_context_624 cstackCOMRAM     000039
isr_INTERRUPTS@task_pos      cstackCOMRAM     00003D
isr_INTERRUPTS@task_pos_623  cstackCOMRAM     00003F
lltemp0                      temp             000008
lltemp1                      temp             000010
lltemp2                      temp             000018
lltemp3                      temp             000020
ltemp0                       temp             000008
ltemp1                       temp             00000C
ltemp2                       temp             000010
stackhi                      (abs)            0001B7
stacklo                      (abs)            000080
start                        init             00000C
start_initialization         cinit            0019AA
ttemp0                       temp             000008
ttemp1                       temp             00000B
ttemp2                       temp             00000E
ttemp3                       temp             000011
ttemp5                       temp             000009
ttemp6                       temp             00000C
ttemp7                       temp             000010
wtemp0                       temp             000008
wtemp1                       temp             00000A
wtemp2                       temp             00000C
wtemp3                       temp             00000E
wtemp4                       temp             000010
wtemp5                       temp             000012
wtemp8                       temp             000009


FUNCTION INFORMATION:

 *************** function _main *****************
 Defined at:
		line 3 in file "main.c"
 Parameters:    Size  Location     Type
		None
 Auto vars:     Size  Location     Type
		None
 Return value:  Size  Location     Type
                  2  [STACK] int 
 Registers used:
		wreg, fsr0l, fsr0h, fsr1l, fsr1h, fsr2l, fsr2h, status,2, status,0, btemp, btemp+8, btemp+9, btemp+10, btemp+11, prodl, prodh
 Tracked objects:
		On entry : 
		On exit  : 
		Unchanged: 
 Data sizes:     COMRAM   BANK0   BANK1   BANK2   BANK3   BANK4   BANK5
      Params:         0       0       0       0       0       0       0
      Locals:         0       0       0       0       0       0       0
      Temps:          0       0       0       0       0       0       0
      Totals:         0       0       0       0       0       0       0
Total ram usage:        0 bytes
 Hardware stack levels required when called:   12
 This function calls:
		_config_os
		_create_task
		_start_os
 This function is called by:
		Startup code after reset
 This function uses a reentrant model


 *************** function _start_os *****************
 Defined at:
		line 149 in file "kernel.c"
 Parameters:    Size  Location     Type
		None
 Auto vars:     Size  Location     Type
		None
 Return value:  Size  Location     Type
                  1  [STACK] void 
 Registers used:
		wreg, status,2
 Tracked objects:
		On entry : 
		On exit  : 
		Unchanged: 
 Data sizes:     COMRAM   BANK0   BANK1   BANK2   BANK3   BANK4   BANK5
      Params:         0       0       0       0       0       0       0
      Locals:         0       0       0       0       0       0       0
      Temps:          0       0       0       0       0       0       0
      Totals:         0       0       0       0       0       0       0
Total ram usage:        0 bytes
 Hardware stack levels used:    1
 Hardware stack levels required when called:    9
 This function calls:
		Nothing
 This function is called by:
		_main
 This function uses a reentrant model


 *************** function _config_os *****************
 Defined at:
		line 53 in file "kernel.c"
 Parameters:    Size  Location     Type
		None
 Auto vars:     Size  Location     Type
		None
 Return value:  Size  Location     Type
                  1  [STACK] void 
 Registers used:
		wreg, fsr0l, fsr0h, fsr1l, fsr1h, fsr2l, fsr2h, status,2, status,0, btemp, btemp+8, btemp+9, btemp+10, btemp+11, prodl, prodh
 Tracked objects:
		On entry : 
		On exit  : 
		Unchanged: 
 Data sizes:     COMRAM   BANK0   BANK1   BANK2   BANK3   BANK4   BANK5
      Params:         0       0       0       0       0       0       0
      Locals:         0       0       0       0       0       0       0
      Temps:          0       0       0       0       0       0       0
      Totals:         0       0       0       0       0       0       0
Total ram usage:        0 bytes
 Hardware stack levels used:    1
 Hardware stack levels required when called:   11
 This function calls:
		_config_tasks
		_create_task
 This function is called by:
		_main
 This function uses a reentrant model


 *************** function _create_task *****************
 Defined at:
		line 108 in file "kernel.c"
 Parameters:    Size  Location     Type
  id              2  [STACK] unsigned int 
  prior           2  [STACK] unsigned int 
  task            2  [STACK] PTR FTN()void 
		 -> task_idle(1), task_3(1), task_2(1), task_1(1), 
 Auto vars:     Size  Location     Type
  new_task      116  [STACK] struct TCB
 Return value:  Size  Location     Type
                  1  [STACK] void 
 Registers used:
		wreg, fsr0l, fsr0h, fsr1l, fsr1h, fsr2l, fsr2h, status,2, status,0, btemp, btemp+8, btemp+9, btemp+10, btemp+11, prodl, prodh
 Tracked objects:
		On entry : 
		On exit  : 
		Unchanged: 
 Data sizes:     COMRAM   BANK0   BANK1   BANK2   BANK3   BANK4   BANK5
      Params:         0       0       0       0       0       0       0
      Locals:         0       0       0       0       0       0       0
      Temps:          0       0       0       0       0       0       0
      Totals:         0       0       0       0       0       0       0
Total ram usage:        0 bytes
 Hardware stack levels used:    1
 Hardware stack levels required when called:    9
 This function calls:
		Nothing
 This function is called by:
		_main
		_config_os
 This function uses a reentrant model


 *************** function _config_tasks *****************
 Defined at:
		line 9 in file "user_tasks.c"
 Parameters:    Size  Location     Type
		None
 Auto vars:     Size  Location     Type
		None
 Return value:  Size  Location     Type
                  1  [STACK] void 
 Registers used:
		wreg, fsr1l, fsr1h, fsr2l, fsr2h, status,2, status,0, btemp+10, btemp+11
 Tracked objects:
		On entry : 
		On exit  : 
		Unchanged: 
 Data sizes:     COMRAM   BANK0   BANK1   BANK2   BANK3   BANK4   BANK5
      Params:         0       0       0       0       0       0       0
      Locals:         0       0       0       0       0       0       0
      Temps:          0       0       0       0       0       0       0
      Totals:         0       0       0       0       0       0       0
Total ram usage:        0 bytes
 Hardware stack levels used:    1
 Hardware stack levels required when called:   10
 This function calls:
		_init_mutex
 This function is called by:
		_config_os
 This function uses a reentrant model


 *************** function _init_mutex *****************
 Defined at:
		line 6 in file "sync.c"
 Parameters:    Size  Location     Type
  resource        2  [STACK] PTR struct mutex
		 -> m_test(15), 
 Auto vars:     Size  Location     Type
		None
 Return value:  Size  Location     Type
                  1  [STACK] void 
 Registers used:
		wreg, fsr1l, fsr1h, fsr2l, fsr2h, status,2, status,0, btemp+10, btemp+11
 Tracked objects:
		On entry : 
		On exit  : 
		Unchanged: 
 Data sizes:     COMRAM   BANK0   BANK1   BANK2   BANK3   BANK4   BANK5
      Params:         0       0       0       0       0       0       0
      Locals:         0       0       0       0       0       0       0
      Temps:          0       0       0       0       0       0       0
      Totals:         0       0       0       0       0       0       0
Total ram usage:        0 bytes
 Hardware stack levels used:    1
 Hardware stack levels required when called:    9
 This function calls:
		Nothing
 This function is called by:
		_config_tasks
 This function uses a reentrant model


 *************** function _task_1 *****************
 Defined at:
		line 22 in file "user_tasks.c"
 Parameters:    Size  Location     Type
		None
 Auto vars:     Size  Location     Type
		None
 Return value:  Size  Location     Type
                  1  [STACK] void 
 Registers used:
		wreg, fsr0l, fsr0h, fsr1l, fsr1h, fsr2l, fsr2h, status,2, status,0, pclath, btemp, btemp+1, btemp+2, btemp+3, btemp+4, btemp+5, btemp+6, btemp+7, btemp+8, btemp+9, btemp+10, btemp+11, btemp+12, btemp+13, btemp+14, btemp+15, btemp+16, btemp+17, btemp+18, btemp+19, btemp+20, btemp+21, btemp+22, btemp+23, btemp+24, btemp+25, btemp+26, btemp+27, btemp+28, btemp+29, btemp+30, btemp+31, tosl, structret, tblptrl, tblptrh, tblptru, prodl, prodh, bsr, cstack
 Tracked objects:
		On entry : 
		On exit  : 
		Unchanged: 
 Data sizes:     COMRAM   BANK0   BANK1   BANK2   BANK3   BANK4   BANK5
      Params:         0       0       0       0       0       0       0
      Locals:         0       0       0       0       0       0       0
      Temps:          0       0       0       0       0       0       0
      Totals:         0       0       0       0       0       0       0
Total ram usage:        0 bytes
 Hardware stack levels used:    1
 Hardware stack levels required when called:    8
 This function calls:
		_delay_task
		_lock
		_unlock
 This function is called by:
		_main
 This function uses a reentrant model


 *************** function _unlock *****************
 Defined at:
		line 31 in file "sync.c"
 Parameters:    Size  Location     Type
  resource        2  [STACK] PTR struct mutex
		 -> m_test(15), 
 Auto vars:     Size  Location     Type
  task_pos        2  [STACK] unsigned int 
  p_context       2  [STACK] unsigned int 
  task_pos        2  [STACK] unsigned int 
  p_context       2  [STACK] unsigned int 
 Return value:  Size  Location     Type
                  1  [STACK] void 
 Registers used:
		wreg, fsr0l, fsr0h, fsr1l, fsr1h, fsr2l, fsr2h, status,2, status,0, pclath, btemp, btemp+1, btemp+2, btemp+3, btemp+4, btemp+5, btemp+6, btemp+7, btemp+8, btemp+9, btemp+10, btemp+11, btemp+12, btemp+13, btemp+14, btemp+15, btemp+16, btemp+17, btemp+18, btemp+19, btemp+20, btemp+21, btemp+22, btemp+23, btemp+24, btemp+25, btemp+26, btemp+27, btemp+28, btemp+29, btemp+30, btemp+31, tosl, structret, tblptrl, tblptrh, tblptru, prodl, prodh, bsr, cstack
 Tracked objects:
		On entry : 
		On exit  : 
		Unchanged: 
 Data sizes:     COMRAM   BANK0   BANK1   BANK2   BANK3   BANK4   BANK5
      Params:         0       0       0       0       0       0       0
      Locals:         0       0       0       0       0       0       0
      Temps:          0       0       0       0       0       0       0
      Totals:         0       0       0       0       0       0       0
Total ram usage:        0 bytes
 Hardware stack levels used:    1
 Hardware stack levels required when called:    7
 This function calls:
		_scheduler
 This function is called by:
		_task_1
		_task_2
 This function uses a reentrant model


 *************** function _lock *****************
 Defined at:
		line 14 in file "sync.c"
 Parameters:    Size  Location     Type
  resource        2  [STACK] PTR struct mutex
		 -> m_test(15), 
 Auto vars:     Size  Location     Type
  task_pos        2  [STACK] unsigned int 
  p_context       2  [STACK] unsigned int 
  task_pos        2  [STACK] unsigned int 
  p_context       2  [STACK] unsigned int 
 Return value:  Size  Location     Type
                  1  [STACK] void 
 Registers used:
		wreg, fsr0l, fsr0h, fsr1l, fsr1h, fsr2l, fsr2h, status,2, status,0, pclath, btemp, btemp+1, btemp+2, btemp+3, btemp+4, btemp+5, btemp+6, btemp+7, btemp+8, btemp+9, btemp+10, btemp+11, btemp+12, btemp+13, btemp+14, btemp+15, btemp+16, btemp+17, btemp+18, btemp+19, btemp+20, btemp+21, btemp+22, btemp+23, btemp+24, btemp+25, btemp+26, btemp+27, btemp+28, btemp+29, btemp+30, btemp+31, tosl, structret, tblptrl, tblptrh, tblptru, prodl, prodh, bsr, cstack
 Tracked objects:
		On entry : 
		On exit  : 
		Unchanged: 
 Data sizes:     COMRAM   BANK0   BANK1   BANK2   BANK3   BANK4   BANK5
      Params:         0       0       0       0       0       0       0
      Locals:         0       0       0       0       0       0       0
      Temps:          0       0       0       0       0       0       0
      Totals:         0       0       0       0       0       0       0
Total ram usage:        0 bytes
 Hardware stack levels used:    1
 Hardware stack levels required when called:    7
 This function calls:
		_scheduler
 This function is called by:
		_task_1
		_task_2
 This function uses a reentrant model


 *************** function _delay_task *****************
 Defined at:
		line 140 in file "kernel.c"
 Parameters:    Size  Location     Type
  time            2  [STACK] unsigned int 
 Auto vars:     Size  Location     Type
  task_pos        2  [STACK] unsigned int 
  p_context       2  [STACK] unsigned int 
  task_pos        2  [STACK] unsigned int 
  p_context       2  [STACK] unsigned int 
 Return value:  Size  Location     Type
                  1  [STACK] void 
 Registers used:
		wreg, fsr0l, fsr0h, fsr1l, fsr1h, fsr2l, fsr2h, status,2, status,0, pclath, btemp, btemp+1, btemp+2, btemp+3, btemp+4, btemp+5, btemp+6, btemp+7, btemp+8, btemp+9, btemp+10, btemp+11, btemp+12, btemp+13, btemp+14, btemp+15, btemp+16, btemp+17, btemp+18, btemp+19, btemp+20, btemp+21, btemp+22, btemp+23, btemp+24, btemp+25, btemp+26, btemp+27, btemp+28, btemp+29, btemp+30, btemp+31, tosl, structret, tblptrl, tblptrh, tblptru, prodl, prodh, bsr, cstack
 Tracked objects:
		On entry : 
		On exit  : 
		Unchanged: 
 Data sizes:     COMRAM   BANK0   BANK1   BANK2   BANK3   BANK4   BANK5
      Params:         0       0       0       0       0       0       0
      Locals:         0       0       0       0       0       0       0
      Temps:          0       0       0       0       0       0       0
      Totals:         0       0       0       0       0       0       0
Total ram usage:        0 bytes
 Hardware stack levels used:    1
 Hardware stack levels required when called:    7
 This function calls:
		_scheduler
 This function is called by:
		_task_1
		_task_3
 This function uses a reentrant model


 *************** function _scheduler *****************
 Defined at:
		line 62 in file "scheduler.c"
 Parameters:    Size  Location     Type
		None
 Auto vars:     Size  Location     Type
		None
 Return value:  Size  Location     Type
                  1  [STACK] void 
 Registers used:
		wreg, fsr1l, fsr1h, fsr2l, fsr2h, status,2, status,0, btemp, btemp+1, btemp+8, btemp+9, btemp+10, btemp+11, prodl, prodh
 Tracked objects:
		On entry : 
		On exit  : 
		Unchanged: 
 Data sizes:     COMRAM   BANK0   BANK1   BANK2   BANK3   BANK4   BANK5
      Params:         0       0       0       0       0       0       0
      Locals:         0       0       0       0       0       0       0
      Temps:          0       0       0       0       0       0       0
      Totals:         0       0       0       0       0       0       0
Total ram usage:        0 bytes
 Hardware stack levels used:    1
 Hardware stack levels required when called:    6
 This function calls:
		_RR_scheduler
 This function is called by:
		_isr_INTERRUPTS
		_delay_task
		_lock
		_unlock
 This function uses a reentrant model


 *************** function _RR_scheduler *****************
 Defined at:
		line 8 in file "scheduler.c"
 Parameters:    Size  Location     Type
		None
 Auto vars:     Size  Location     Type
  task_to_run     2  [STACK] unsigned int 
  times           2  [STACK] unsigned int 
 Return value:  Size  Location     Type
                  2  [STACK] unsigned int 
 Registers used:
		wreg, fsr1l, fsr1h, fsr2l, fsr2h, status,2, status,0, btemp, btemp+1, btemp+8, btemp+9, btemp+10, btemp+11, prodl, prodh
 Tracked objects:
		On entry : 
		On exit  : 
		Unchanged: 
 Data sizes:     COMRAM   BANK0   BANK1   BANK2   BANK3   BANK4   BANK5
      Params:         0       0       0       0       0       0       0
      Locals:         0       0       0       0       0       0       0
      Temps:          0       0       0       0       0       0       0
      Totals:         0       0       0       0       0       0       0
Total ram usage:        0 bytes
 Hardware stack levels used:    1
 Hardware stack levels required when called:    5
 This function calls:
		___lwmod
 This function is called by:
		_scheduler
 This function uses a reentrant model


 *************** function ___lwmod *****************
 Defined at:
		line 7 in file "C:\Program Files\Microchip\xc8\v2.20\pic\sources\c99\common\lwmod.c"
 Parameters:    Size  Location     Type
  dividend        2  [STACK] unsigned int 
  divisor         2  [STACK] unsigned int 
 Auto vars:     Size  Location     Type
  counter         1  [STACK] unsigned char 
 Return value:  Size  Location     Type
                  2  [STACK] unsigned int 
 Registers used:
		wreg, fsr1l, fsr1h, status,2, status,0, btemp, btemp+1, btemp+8, btemp+9, btemp+10, btemp+11, prodl
 Tracked objects:
		On entry : 
		On exit  : 
		Unchanged: 
 Data sizes:     COMRAM   BANK0   BANK1   BANK2   BANK3   BANK4   BANK5
      Params:         0       0       0       0       0       0       0
      Locals:         0       0       0       0       0       0       0
      Temps:          0       0       0       0       0       0       0
      Totals:         0       0       0       0       0       0       0
Total ram usage:        0 bytes
 Hardware stack levels used:    1
 Hardware stack levels required when called:    4
 This function calls:
		Nothing
 This function is called by:
		_RR_scheduler
 This function uses a reentrant model


 *************** function _task_2 *****************
 Defined at:
		line 34 in file "user_tasks.c"
 Parameters:    Size  Location     Type
		None
 Auto vars:     Size  Location     Type
		None
 Return value:  Size  Location     Type
                  1  [STACK] void 
 Registers used:
		wreg, fsr0l, fsr0h, fsr1l, fsr1h, fsr2l, fsr2h, status,2, status,0, pclath, btemp, btemp+1, btemp+2, btemp+3, btemp+4, btemp+5, btemp+6, btemp+7, btemp+8, btemp+9, btemp+10, btemp+11, btemp+12, btemp+13, btemp+14, btemp+15, btemp+16, btemp+17, btemp+18, btemp+19, btemp+20, btemp+21, btemp+22, btemp+23, btemp+24, btemp+25, btemp+26, btemp+27, btemp+28, btemp+29, btemp+30, btemp+31, tosl, structret, tblptrl, tblptrh, tblptru, prodl, prodh, bsr, cstack
 Tracked objects:
		On entry : 
		On exit  : 
		Unchanged: 
 Data sizes:     COMRAM   BANK0   BANK1   BANK2   BANK3   BANK4   BANK5
      Params:         0       0       0       0       0       0       0
      Locals:         0       0       0       0       0       0       0
      Temps:          0       0       0       0       0       0       0
      Totals:         0       0       0       0       0       0       0
Total ram usage:        0 bytes
 Hardware stack levels used:    1
 Hardware stack levels required when called:    8
 This function calls:
		_lock
		_unlock
 This function is called by:
		_main
 This function uses a reentrant model


 *************** function _task_3 *****************
 Defined at:
		line 43 in file "user_tasks.c"
 Parameters:    Size  Location     Type
		None
 Auto vars:     Size  Location     Type
		None
 Return value:  Size  Location     Type
                  1  [STACK] void 
 Registers used:
		wreg, fsr0l, fsr0h, fsr1l, fsr1h, fsr2l, fsr2h, status,2, status,0, pclath, btemp, btemp+1, btemp+2, btemp+3, btemp+4, btemp+5, btemp+6, btemp+7, btemp+8, btemp+9, btemp+10, btemp+11, btemp+12, btemp+13, btemp+14, btemp+15, btemp+16, btemp+17, btemp+18, btemp+19, btemp+20, btemp+21, btemp+22, btemp+23, btemp+24, btemp+25, btemp+26, btemp+27, btemp+28, btemp+29, btemp+30, btemp+31, tosl, structret, tblptrl, tblptrh, tblptru, prodl, prodh, bsr, cstack
 Tracked objects:
		On entry : 
		On exit  : 
		Unchanged: 
 Data sizes:     COMRAM   BANK0   BANK1   BANK2   BANK3   BANK4   BANK5
      Params:         0       0       0       0       0       0       0
      Locals:         0       0       0       0       0       0       0
      Temps:          0       0       0       0       0       0       0
      Totals:         0       0       0       0       0       0       0
Total ram usage:        0 bytes
 Hardware stack levels used:    1
 Hardware stack levels required when called:    8
 This function calls:
		_delay_task
 This function is called by:
		_main
 This function uses a reentrant model


 *************** function _task_idle *****************
 Defined at:
		line 162 in file "kernel.c"
 Parameters:    Size  Location     Type
		None
 Auto vars:     Size  Location     Type
		None
 Return value:  Size  Location     Type
                  1  [STACK] void 
 Registers used:
		wreg, status,2, status,0, btemp+11
 Tracked objects:
		On entry : 
		On exit  : 
		Unchanged: 
 Data sizes:     COMRAM   BANK0   BANK1   BANK2   BANK3   BANK4   BANK5
      Params:         0       0       0       0       0       0       0
      Locals:         0       0       0       0       0       0       0
      Temps:          0       0       0       0       0       0       0
      Totals:         0       0       0       0       0       0       0
Total ram usage:        0 bytes
 Hardware stack levels used:    1
 Hardware stack levels required when called:    4
 This function calls:
		Nothing
 This function is called by:
		_config_os
		_RR_scheduler
 This function uses a reentrant model


 *************** function _isr_INTERRUPTS *****************
 Defined at:
		line 11 in file "kernel.c"
 Parameters:    Size  Location     Type
		None
 Auto vars:     Size  Location     Type
  task_pos        2   23[COMRAM] unsigned int 
  p_context       2   17[COMRAM] unsigned int 
  task_pos        2   21[COMRAM] unsigned int 
  p_context       2   15[COMRAM] unsigned int 
  i               2   19[COMRAM] int 
 Return value:  Size  Location     Type
                  1    wreg      void 
 Registers used:
		wreg, fsr1l, fsr1h, fsr2l, fsr2h, status,2, status,0, btemp, btemp+1, btemp+8, btemp+9, btemp+10, btemp+11, prodl, prodh
 Tracked objects:
		On entry : 
		On exit  : 
		Unchanged: 
 Data sizes:     COMRAM   BANK0   BANK1   BANK2   BANK3   BANK4   BANK5
      Params:         0       0       0       0       0       0       0
      Locals:        10       0       0       0       0       0       0
      Temps:         15       0       0       0       0       0       0
      Totals:        25       0       0       0       0       0       0
Total ram usage:       25 bytes
 Hardware stack levels used:    1
 Hardware stack levels required when called:    3
 This function calls:
		___wmul
		_scheduler
 This function is called by:
		Interrupt level 2
 This function uses a non-reentrant model


 *************** function ___wmul *****************
 Defined at:
		line 15 in file "C:\Program Files\Microchip\xc8\v2.20\pic\sources\c99\common\Umul16.c"
 Parameters:    Size  Location     Type
  multiplier      2  [STACK] unsigned int 
  multiplicand    2  [STACK] unsigned int 
 Auto vars:     Size  Location     Type
  product         2  [STACK] unsigned int 
 Return value:  Size  Location     Type
                  2  [STACK] unsigned int 
 Registers used:
		wreg, fsr1l, fsr1h, fsr2l, fsr2h, status,2, status,0, btemp, btemp+1, btemp+11, prodl, prodh
 Tracked objects:
		On entry : 
		On exit  : 
		Unchanged: 
 Data sizes:     COMRAM   BANK0   BANK1   BANK2   BANK3   BANK4   BANK5
      Params:         0       0       0       0       0       0       0
      Locals:         0       0       0       0       0       0       0
      Temps:          0       0       0       0       0       0       0
      Totals:         0       0       0       0       0       0       0
Total ram usage:        0 bytes
 Hardware stack levels used:    1
 This function calls:
		Nothing
 This function is called by:
		_isr_INTERRUPTS
 This function uses a reentrant model



MODULE INFORMATION

Module		Function		Class		Link	Load	Size
C:\Program Files\Microchip\xc8\v2.20\pic\sources\c99\common\Umul16.c
		___wmul        		CODE           	1792	0000	151

C:\Program Files\Microchip\xc8\v2.20\pic\sources\c99\common\Umul16.c estimated size: 151

C:\Program Files\Microchip\xc8\v2.20\pic\sources\c99\common\lwmod.c
		___lwmod       		CODE           	16AA	0000	233

C:\Program Files\Microchip\xc8\v2.20\pic\sources\c99\common\lwmod.c estimated size: 233

kernel.c
		_isr_INTERRUPTS		CODE           	0008	0000	1255
		_create_task   		CODE           	15B8	0000	243
		_delay_task    		CODE           	0FD8	0000	1197
		_start_os      		CODE           	1AAC	0000	17
		_task_idle     		CODE           	1A6E	0000	41
		_config_os     		CODE           	1906	0000	89

kernel.c estimated size: 2842

shared
		__initialization		CODE           	19AA	0000	69

shared estimated size: 69

scheduler.c
		_RR_scheduler  		CODE           	1484	0000	309
		_scheduler     		CODE           	1ABC	0000	17

scheduler.c estimated size: 326

user_tasks.c
		_task_2        		CODE           	19F4	0000	67
		_task_3        		CODE           	1A36	0000	57
		_task_1        		CODE           	195E	0000	77
		_config_tasks  		CODE           	1A96	0000	23

user_tasks.c estimated size: 224

sync.c
		_lock          		CODE           	0598	0000	1375
		_init_mutex    		CODE           	1828	0000	121
		_unlock        		CODE           	0014	0000	1413

sync.c estimated size: 2909

main.c
		_main          		CODE           	18A0	0000	103

main.c estimated size: 103

