Microchip MPLAB XC8 Compiler V2.20

Linker command line:

-W-3 --edf=C:\Program Files\Microchip\xc8\v2.20\pic\dat\en_msgs.txt -cn \
  -h+dist/default/production\Projeto_SO_2022_1.X.production.sym \
  --cmf=dist/default/production\Projeto_SO_2022_1.X.production.cmf -z \
  -Q18F4520 -oC:\Users\ander\AppData\Local\Temp\scso.2 \
  --defsym=__MPLAB_BUILD=1 \
  -Mdist/default/production/Projeto_SO_2022_1.X.production.map -E1 \
  -ver=XC8 Compiler --acfsm=1493 -ASTACK=02BEh-05FFh -pstack=STACK \
  -ACODE=00h-07FFFh -ACONST=00h-07FFFh -ASMALLCONST=0600h-06FFhx122 \
  -AMEDIUMCONST=0600h-07FFFh -ACOMRAM=01h-07Fh -AABS1=00h-05FFh \
  -ABIGRAM=01h-05FFh -ARAM=080h-0FFh,0100h-01FFhx5 -ABANK0=080h-0FFh \
  -ABANK1=0100h-01FFh -ABANK2=0200h-02FFh -ABANK3=0300h-03FFh \
  -ABANK4=0400h-04FFh -ABANK5=0500h-05FFh -ASFR=0F80h-0FFFh \
  -ACONFIG=0300000h-030000Dh -AIDLOC=0200000h-0200007h \
  -preset_vec=00h,intcode=08h,intcodelo,powerup,init -pramtop=0600h \
  -psmallconst=SMALLCONST -pmediumconst=MEDIUMCONST -pconst=CONST \
  -AFARRAM=00h-00h -AEEDATA=0F00000h-0F000FFh -peeprom_data=EEDATA \
  -prdata=COMRAM,nvrram=COMRAM,nvbit=COMRAM,rbss=COMRAM,rbit=COMRAM \
  -pfarbss=FARRAM,fardata=FARRAM,nvFARRAM=FARRAM \
  -pintsave_regs=BIGRAM,bigbss=BIGRAM,bigdata=BIGRAM -pbss=RAM \
  -pidata=CODE,irdata=CODE,ibigdata=CODE,ifardata=CODE -prparam=COMRAM \
  C:\Users\ander\AppData\Local\Temp\scso.o \
  dist/default/production\Projeto_SO_2022_1.X.production.o 

Object code version is 3.11

Machine type is 18F4520



                Name                               Link     Load   Length Selector   Space Scale
C:\Users\ander\AppData\Local\Temp\scso.o
                stack                               2BE      2BE      342      2BE       2
                idloc                            200000   200000        8        0       5
                config                           300000   300000        E        0       4
                init                                  C        C        8        4       0
                reset_vec                             0        0        4        0       0
dist/default/production\Projeto_SO_2022_1.X.production.o
                intcode                               8        8        4        4       0
                idloc                            200000   200000        8        0       5
                config                           300000   300000        E        0       4
                temp                                 28       28       20        1       1
                text11                              528      528       64        4       0
                text10                              58C      58C       36        4       0
                intcode_body                         14       14      3AE        4       0
                text8                               5C2      5C2       2A        4       0
                text7                               5EC      5EC       28        4       0
                text6                               614      614       26        4       0
                text5                               678      678        8        4       0
                text4                               63A      63A       24        4       0
                text3                               3C2      3C2       96        4       0
                text2                               458      458       6C        4       0
                text1                               680      680        4        4       0
                text0                               4C4      4C4       64        4       0
                cstackCOMRAM                          1        1       27        1       1
                cstackBANK0                          80       80       72       80       1
                bssBIGRAM                            F2       F2      1CC       F2       1
                cinit                               65E      65E       1A        4       0

TOTAL           Name                               Link     Load   Length     Space
        CLASS   STACK          
                stack                               2BE      2BE      342         2

        CLASS   CODE           
                intcode                               8        8        4         0
                init                                  C        C        8         0
                reset_vec                             0        0        4         0
                text11                              528      528       64         0
                text10                              58C      58C       36         0
                intcode_body                         14       14      3AE         0
                text8                               5C2      5C2       2A         0
                text7                               5EC      5EC       28         0
                text6                               614      614       26         0
                text5                               678      678        8         0
                text4                               63A      63A       24         0
                text3                               3C2      3C2       96         0
                text2                               458      458       6C         0
                text1                               680      680        4         0
                text0                               4C4      4C4       64         0
                cinit                               65E      65E       1A         0

        CLASS   CONST          

        CLASS   SMALLCONST     

        CLASS   MEDIUMCONST    

        CLASS   COMRAM         
                temp                                 28       28       20         1
                cstackCOMRAM                          1        1       27         1

        CLASS   ABS1           

        CLASS   BIGRAM         
                bssBIGRAM                            F2       F2      1CC         1

        CLASS   RAM            

        CLASS   BANK0          
                cstackBANK0                          80       80       72         1

        CLASS   BANK1          

        CLASS   BANK2          

        CLASS   BANK3          

        CLASS   BANK4          

        CLASS   BANK5          

        CLASS   SFR            

        CLASS   CONFIG         
                config                           300000   300000        E         4

        CLASS   IDLOC          
                idloc                            200000   200000        8         5

        CLASS   FARRAM         

        CLASS   EEDATA         



SEGMENTS        Name                           Load    Length   Top    Selector   Space  Class

                reset_vec                      000000  000004  000004         0       0  CODE    
                cstackCOMRAM                   000001  000047  000048         1       1  COMRAM  
                intcode                        000008  00067C  000684         4       0  CODE    
                cstackBANK0                    000080  000072  0000F2        80       1  BANK0   
                bssBIGRAM                      0000F2  0001CC  0002BE        F2       1  BIGRAM  
                stack                          0002BE  000342  000600       2BE       2  STACK   


UNUSED ADDRESS RANGES

        Name                Unused          Largest block    Delta
        BANK2            0002BE-0002FF               42
        BANK3            000300-0003FF              100
        BANK4            000400-0004FF              100
        BANK5            000500-0005FF              100
        BIGRAM           000048-00007F               38
                         0002BE-0005FF              342
        CODE             000004-000007                4
                         000684-007FFF             797C
        COMRAM           000048-00007F               38
        CONST            000004-000007                4
                         000684-007FFF             797C
        EEDATA           F00000-F000FF              100
        MEDIUMCONST      000684-007FFF             797C
        RAM              0002BE-0005FF              100
        SFR              000F80-000FFF               80
        SMALLCONST       000684-007FFF              100

                                  Symbol Table

?_FIFO_scheduler             cstackCOMRAM 000006
?___lwmod                    cstackCOMRAM 000001
FIFO_scheduler@task_to_run   cstackCOMRAM 00000A
_BSR                         (abs)        000FE0
_FIFO_scheduler              text10       00058C
_INTCONbits                  (abs)        000FF2
_LATDbits                    (abs)        000F8C
_PORTDbits                   (abs)        000F83
_STATUS                      (abs)        000FD8
_STKPTR                      (abs)        000FFC
_TOS                         (abs)        000FFD
_TRISBbits                   (abs)        000F93
_TRISDbits                   (abs)        000F95
_WREG                        (abs)        000FE8
__HRAM                       (abs)        000000
__Habs1                      abs1         000000
__Hbank0                     bank0        000000
__Hbank1                     bank1        000000
__Hbank2                     bank2        000000
__Hbank3                     bank3        000000
__Hbank4                     bank4        000000
__Hbank5                     bank5        000000
__Hbigbss                    bigbss       000000
__Hbigdata                   bigdata      000000
__Hbigram                    bigram       000000
__Hbss                       bss          000000
__HbssBIGRAM                 bssBIGRAM    000000
__Hcinit                     cinit        000000
__Hclrtext                   clrtext      000000
__Hcomram                    comram       000000
__Hconfig                    config       30000E
__Hconst                     const        000000
__HcstackBANK0               cstackBANK0  000000
__HcstackCOMRAM              cstackCOMRAM 000000
__Hdata                      data         000000
__Heeprom_data               eeprom_data  000000
__Hfarbss                    farbss       000000
__Hfardata                   fardata      000000
__Hibigdata                  ibigdata     000000
__Hidata                     idata        000000
__Hidloc                     idloc        200008
__Hifardata                  ifardata     000000
__Hinit                      init         000014
__Hintcode                   intcode      00000C
__Hintcode_body              intcode_body 000000
__Hintcodelo                 intcodelo    00000C
__Hintentry                  intentry     000000
__Hintret                    intret       000000
__Hintsave_regs              intsave_regs 000000
__Hirdata                    irdata       000000
__Hmediumconst               mediumconst  000000
__HnvFARRAM                  nvFARRAM     000000
__Hnvbit                     nvbit        000000
__Hnvrram                    nvrram       000000
__Hparam                     rparam       000000
__Hpowerup                   powerup      00000C
__Hram                       ram          000000
__Hramtop                    ramtop       000600
__Hrbit                      rbit         000000
__Hrbss                      rbss         000000
__Hrdata                     rdata        000000
__Hreset_vec                 reset_vec    000004
__Hrparam                    rparam       000000
__Hsfr                       sfr          000000
__Hsmallconst                smallconst   000000
__Hspace_0                   (abs)        000684
__Hspace_1                   (abs)        0002BE
__Hspace_2                   (abs)        000600
__Hspace_4                   (abs)        60000E
__Hstack                     stack        000600
__Hstruct                    struct       000000
__Htemp                      temp         000048
__Htext                      text         000000
__Htext0                     text0        000000
__Htext1                     text1        000000
__Htext10                    text10       000000
__Htext11                    text11       000000
__Htext12                    text12       000000
__Htext2                     text2        000000
__Htext3                     text3        000000
__Htext4                     text4        000000
__Htext5                     text5        000000
__Htext6                     text6        000000
__Htext7                     text7        000000
__Htext8                     text8        000000
__LRAM                       (abs)        000001
__Labs1                      abs1         000000
__Lbank0                     bank0        000000
__Lbank1                     bank1        000000
__Lbank2                     bank2        000000
__Lbank3                     bank3        000000
__Lbank4                     bank4        000000
__Lbank5                     bank5        000000
__Lbigbss                    bigbss       000000
__Lbigdata                   bigdata      000000
__Lbigram                    bigram       000000
__Lbss                       bss          000000
__LbssBIGRAM                 bssBIGRAM    000000
__Lcinit                     cinit        000000
__Lclrtext                   clrtext      000000
__Lcomram                    comram       000000
__Lconfig                    config       000000
__Lconst                     const        000000
__LcstackBANK0               cstackBANK0  000000
__LcstackCOMRAM              cstackCOMRAM 000000
__Ldata                      data         000000
__Leeprom_data               eeprom_data  000000
__Lfarbss                    farbss       000000
__Lfardata                   fardata      000000
__Libigdata                  ibigdata     000000
__Lidata                     idata        000000
__Lidloc                     idloc        000000
__Lifardata                  ifardata     000000
__Linit                      init         00000C
__Lintcode                   intcode      000008
__Lintcode_body              intcode_body 000000
__Lintcodelo                 intcodelo    00000C
__Lintentry                  intentry     000000
__Lintret                    intret       000000
__Lintsave_regs              intsave_regs 000000
__Lirdata                    irdata       000000
__Lmediumconst               mediumconst  000000
__LnvFARRAM                  nvFARRAM     000000
__Lnvbit                     nvbit        000000
__Lnvrram                    nvrram       000000
__Lparam                     rparam       000000
__Lpowerup                   powerup      00000C
__Lram                       ram          000000
__Lramtop                    ramtop       000600
__Lrbit                      rbit         000000
__Lrbss                      rbss         000000
__Lrdata                     rdata        000000
__Lreset_vec                 reset_vec    000000
__Lrparam                    rparam       000000
__Lsfr                       sfr          000000
__Lsmallconst                smallconst   000000
__Lspace_0                   (abs)        000000
__Lspace_1                   (abs)        000000
__Lspace_2                   (abs)        000000
__Lspace_4                   (abs)        000000
__Lstack                     stack        0002BE
__Lstruct                    struct       000000
__Ltemp                      temp         000028
__Ltext                      text         000000
__Ltext0                     text0        000000
__Ltext1                     text1        000000
__Ltext10                    text10       000000
__Ltext11                    text11       000000
__Ltext12                    text12       000000
__Ltext2                     text2        000000
__Ltext3                     text3        000000
__Ltext4                     text4        000000
__Ltext5                     text5        000000
__Ltext6                     text6        000000
__Ltext7                     text7        000000
__Ltext8                     text8        000000
__S0                         (abs)        000684
__S1                         (abs)        0002BE
__S2                         (abs)        000600
__S4                         (abs)        000000
__S5                         (abs)        000000
___inthi_sp                  stack        0003D4
___intlo_sp                  stack        0004EA
___lwmod                     text11       000528
___lwmod@counter             cstackCOMRAM 000005
___lwmod@dividend            cstackCOMRAM 000001
___lwmod@divisor             cstackCOMRAM 000003
___param_bank                (abs)        000000
___rparam_used               (abs)        000001
___sp                        stack        0002BE
___wmul                      text3        0003C2
__accesstop                  (abs)        000080
__activetblptr               (abs)        000000
__end_of_FIFO_scheduler      text10       0005C2
__end_of___lwmod             text11       00058C
__end_of___wmul              text3        000458
__end_of__initialization     cinit        000672
__end_of_config_os           text4        00065E
__end_of_config_tasks        text5        000680
__end_of_create_task         text2        0004C4
__end_of_isr_INTERRUPTS      intcode_body 0003C2
__end_of_main                text0        000528
__end_of_start_os            text1        000684
__end_of_task_1              text6        00063A
__end_of_task_2              text7        000614
__end_of_task_3              text8        0005EC
__initialization             cinit        00065E
__mediumconst                mediumconst  000000
__pbssBIGRAM                 bssBIGRAM    0000F2
__pcinit                     cinit        00065E
__pcstackBANK0               cstackBANK0  000080
__pcstackCOMRAM              cstackCOMRAM 000001
__pintcode                   intcode      000008
__pintcode_body              intcode_body 000014
__ptext0                     text0        0004C4
__ptext1                     text1        000680
__ptext10                    text10       00058C
__ptext11                    text11       000528
__ptext12                    text12       000000
__ptext2                     text2        000458
__ptext3                     text3        0003C2
__ptext4                     text4        00063A
__ptext5                     text5        000678
__ptext6                     text6        000614
__ptext7                     text7        0005EC
__ptext8                     text8        0005C2
__ramtop                     ramtop       000600
__size_of_FIFO_scheduler     (abs)        000000
__size_of___lwmod            (abs)        000000
__size_of___wmul             (abs)        000000
__size_of_config_os          (abs)        000000
__size_of_config_tasks       (abs)        000000
__size_of_create_task        (abs)        000000
__size_of_isr_INTERRUPTS     (abs)        000000
__size_of_main               (abs)        000000
__size_of_start_os           (abs)        000000
__size_of_task_1             (abs)        000000
__size_of_task_2             (abs)        000000
__size_of_task_3             (abs)        000000
__smallconst                 smallconst   000000
_config_os                   text4        00063A
_config_tasks                text5        000678
_create_task                 text2        000458
_isr_INTERRUPTS              intcode      000008
_main                        text0        0004C4
_ready_queue                 bssBIGRAM    0000F2
_start_os                    text1        000680
_task_1                      text6        000614
_task_2                      text7        0005EC
_task_3                      text8        0005C2
btemp                        temp         000028
create_task@id               cstackCOMRAM 000020
create_task@new_task         cstackBANK0  000080
create_task@prior            cstackCOMRAM 000022
create_task@task             cstackCOMRAM 000024
end_of_initialization        cinit        000672
int_func                     intcode_body 000014
intlevel0                    text         000000
intlevel1                    text         000000
intlevel2                    text         000000
intlevel3                    text         000000
isr_INTERRUPTS@p_context     cstackCOMRAM 000018
isr_INTERRUPTS@p_context_384 cstackCOMRAM 00001A
isr_INTERRUPTS@task_pos      cstackCOMRAM 00001C
isr_INTERRUPTS@task_pos_383  cstackCOMRAM 00001E
lltemp0                      temp         000028
lltemp1                      temp         000030
lltemp2                      temp         000038
lltemp3                      temp         000040
ltemp0                       temp         000028
ltemp1                       temp         00002C
ltemp2                       temp         000030
stackhi                      (abs)        0005FF
stacklo                      (abs)        0002BE
start                        init         00000C
start_initialization         cinit        00065E
ttemp0                       temp         000028
ttemp1                       temp         00002B
ttemp2                       temp         00002E
ttemp3                       temp         000031
ttemp5                       temp         000029
ttemp6                       temp         00002C
ttemp7                       temp         000030
wtemp0                       temp         000028
wtemp1                       temp         00002A
wtemp2                       temp         00002C
wtemp3                       temp         00002E
wtemp4                       temp         000030
wtemp5                       temp         000032
wtemp8                       temp         000029


FUNCTION INFORMATION:

 *************** function _main *****************
 Defined at:
		line 3 in file "main.c"
 Parameters:    Size  Location     Type
		None
 Auto vars:     Size  Location     Type
		None
 Return value:  Size  Location     Type
                  2   16[None  ] int 
 Registers used:
		wreg, fsr0l, fsr0h, fsr1l, fsr1h, fsr2l, fsr2h, status,2, status,0, btemp, btemp+1, btemp+11, prodl, prodh, cstack
 Tracked objects:
		On entry : 
		On exit  : 
		Unchanged: 
 Data sizes:     COMRAM   BANK0   BANK1   BANK2   BANK3   BANK4   BANK5
      Params:         0       0       0       0       0       0       0
      Locals:         0       0       0       0       0       0       0
      Temps:          0       0       0       0       0       0       0
      Totals:         0       0       0       0       0       0       0
Total ram usage:        0 bytes
 Hardware stack levels required when called:    6
 This function calls:
		_config_os
		_create_task
		_start_os
 This function is called by:
		Startup code after reset
 This function uses a non-reentrant model


 *************** function _start_os *****************
 Defined at:
		line 62 in file "kernel.c"
 Parameters:    Size  Location     Type
		None
 Auto vars:     Size  Location     Type
		None
 Return value:  Size  Location     Type
                  1    wreg      void 
 Registers used:
		None
 Tracked objects:
		On entry : 
		On exit  : 
		Unchanged: 
 Data sizes:     COMRAM   BANK0   BANK1   BANK2   BANK3   BANK4   BANK5
      Params:         0       0       0       0       0       0       0
      Locals:         0       0       0       0       0       0       0
      Temps:          0       0       0       0       0       0       0
      Totals:         0       0       0       0       0       0       0
Total ram usage:        0 bytes
 Hardware stack levels used:    1
 Hardware stack levels required when called:    4
 This function calls:
		Nothing
 This function is called by:
		_main
 This function uses a non-reentrant model


 *************** function _create_task *****************
 Defined at:
		line 42 in file "kernel.c"
 Parameters:    Size  Location     Type
  id              2   31[COMRAM] unsigned int 
  prior           2   33[COMRAM] unsigned int 
  task            2   35[COMRAM] PTR FTN()void 
		 -> task_3(1), task_2(1), task_1(1), 
 Auto vars:     Size  Location     Type
  new_task      114    0[BANK0 ] struct TCB
 Return value:  Size  Location     Type
                  1    wreg      void 
 Registers used:
		wreg, fsr0l, fsr0h, fsr1l, fsr1h, fsr2l, fsr2h, status,2, status,0, btemp, btemp+1, btemp+11, prodl, prodh
 Tracked objects:
		On entry : 
		On exit  : 
		Unchanged: 
 Data sizes:     COMRAM   BANK0   BANK1   BANK2   BANK3   BANK4   BANK5
      Params:         6       0       0       0       0       0       0
      Locals:         0     114       0       0       0       0       0
      Temps:          2       0       0       0       0       0       0
      Totals:         8     114       0       0       0       0       0
Total ram usage:      122 bytes
 Hardware stack levels used:    1
 Hardware stack levels required when called:    5
 This function calls:
		___wmul
 This function is called by:
		_main
 This function uses a non-reentrant model


 *************** function ___wmul *****************
 Defined at:
		line 15 in file "C:\Program Files\Microchip\xc8\v2.20\pic\sources\c99\common\Umul16.c"
 Parameters:    Size  Location     Type
  multiplier      2  [STACK] unsigned int 
  multiplicand    2  [STACK] unsigned int 
 Auto vars:     Size  Location     Type
  product         2  [STACK] unsigned int 
 Return value:  Size  Location     Type
                  2  [STACK] unsigned int 
 Registers used:
		wreg, fsr1l, fsr1h, fsr2l, fsr2h, status,2, status,0, btemp, btemp+1, btemp+11, prodl, prodh
 Tracked objects:
		On entry : 
		On exit  : 
		Unchanged: 
 Data sizes:     COMRAM   BANK0   BANK1   BANK2   BANK3   BANK4   BANK5
      Params:         0       0       0       0       0       0       0
      Locals:         0       0       0       0       0       0       0
      Temps:          0       0       0       0       0       0       0
      Totals:         0       0       0       0       0       0       0
Total ram usage:        0 bytes
 Hardware stack levels used:    1
 Hardware stack levels required when called:    4
 This function calls:
		Nothing
 This function is called by:
		_isr_INTERRUPTS
		_create_task
 This function uses a reentrant model


 *************** function _config_os *****************
 Defined at:
		line 25 in file "kernel.c"
 Parameters:    Size  Location     Type
		None
 Auto vars:     Size  Location     Type
		None
 Return value:  Size  Location     Type
                  1    wreg      void 
 Registers used:
		cstack
 Tracked objects:
		On entry : 
		On exit  : 
		Unchanged: 
 Data sizes:     COMRAM   BANK0   BANK1   BANK2   BANK3   BANK4   BANK5
      Params:         0       0       0       0       0       0       0
      Locals:         0       0       0       0       0       0       0
      Temps:          0       0       0       0       0       0       0
      Totals:         0       0       0       0       0       0       0
Total ram usage:        0 bytes
 Hardware stack levels used:    1
 Hardware stack levels required when called:    5
 This function calls:
		_config_tasks
 This function is called by:
		_main
 This function uses a non-reentrant model


 *************** function _config_tasks *****************
 Defined at:
		line 3 in file "user_tasks.c"
 Parameters:    Size  Location     Type
		None
 Auto vars:     Size  Location     Type
		None
 Return value:  Size  Location     Type
                  1    wreg      void 
 Registers used:
		None
 Tracked objects:
		On entry : 
		On exit  : 
		Unchanged: 
 Data sizes:     COMRAM   BANK0   BANK1   BANK2   BANK3   BANK4   BANK5
      Params:         0       0       0       0       0       0       0
      Locals:         0       0       0       0       0       0       0
      Temps:          0       0       0       0       0       0       0
      Totals:         0       0       0       0       0       0       0
Total ram usage:        0 bytes
 Hardware stack levels used:    1
 Hardware stack levels required when called:    4
 This function calls:
		Nothing
 This function is called by:
		_config_os
 This function uses a non-reentrant model


 *************** function _task_1 *****************
 Defined at:
		line 13 in file "user_tasks.c"
 Parameters:    Size  Location     Type
		None
 Auto vars:     Size  Location     Type
		None
 Return value:  Size  Location     Type
                  1  [STACK] void 
 Registers used:
		wreg, status,2, status,0, btemp+11
 Tracked objects:
		On entry : 
		On exit  : 
		Unchanged: 
 Data sizes:     COMRAM   BANK0   BANK1   BANK2   BANK3   BANK4   BANK5
      Params:         0       0       0       0       0       0       0
      Locals:         0       0       0       0       0       0       0
      Temps:          0       0       0       0       0       0       0
      Totals:         0       0       0       0       0       0       0
Total ram usage:        0 bytes
 Hardware stack levels used:    1
 Hardware stack levels required when called:    3
 This function calls:
		Nothing
 This function is called by:
		_main
 This function uses a reentrant model


 *************** function _task_2 *****************
 Defined at:
		line 20 in file "user_tasks.c"
 Parameters:    Size  Location     Type
		None
 Auto vars:     Size  Location     Type
		None
 Return value:  Size  Location     Type
                  1  [STACK] void 
 Registers used:
		wreg, status,2, status,0, btemp+11
 Tracked objects:
		On entry : 
		On exit  : 
		Unchanged: 
 Data sizes:     COMRAM   BANK0   BANK1   BANK2   BANK3   BANK4   BANK5
      Params:         0       0       0       0       0       0       0
      Locals:         0       0       0       0       0       0       0
      Temps:          0       0       0       0       0       0       0
      Totals:         0       0       0       0       0       0       0
Total ram usage:        0 bytes
 Hardware stack levels used:    1
 Hardware stack levels required when called:    3
 This function calls:
		Nothing
 This function is called by:
		_main
 This function uses a reentrant model


 *************** function _task_3 *****************
 Defined at:
		line 27 in file "user_tasks.c"
 Parameters:    Size  Location     Type
		None
 Auto vars:     Size  Location     Type
		None
 Return value:  Size  Location     Type
                  1  [STACK] void 
 Registers used:
		wreg, status,2, status,0, btemp+11
 Tracked objects:
		On entry : 
		On exit  : 
		Unchanged: 
 Data sizes:     COMRAM   BANK0   BANK1   BANK2   BANK3   BANK4   BANK5
      Params:         0       0       0       0       0       0       0
      Locals:         0       0       0       0       0       0       0
      Temps:          0       0       0       0       0       0       0
      Totals:         0       0       0       0       0       0       0
Total ram usage:        0 bytes
 Hardware stack levels used:    1
 Hardware stack levels required when called:    3
 This function calls:
		Nothing
 This function is called by:
		_main
 This function uses a reentrant model


 *************** function _isr_INTERRUPTS *****************
 Defined at:
		line 10 in file "kernel.c"
 Parameters:    Size  Location     Type
		None
 Auto vars:     Size  Location     Type
  task_pos        2   29[COMRAM] unsigned int 
  p_context       2   25[COMRAM] unsigned int 
  task_pos        2   27[COMRAM] unsigned int 
  p_context       2   23[COMRAM] unsigned int 
 Return value:  Size  Location     Type
                  1    wreg      void 
 Registers used:
		wreg, fsr1l, fsr1h, fsr2l, fsr2h, status,2, status,0, btemp, btemp+1, btemp+11, prodl, prodh, cstack
 Tracked objects:
		On entry : 
		On exit  : 
		Unchanged: 
 Data sizes:     COMRAM   BANK0   BANK1   BANK2   BANK3   BANK4   BANK5
      Params:         0       0       0       0       0       0       0
      Locals:         8       0       0       0       0       0       0
      Temps:         12       0       0       0       0       0       0
      Totals:        20       0       0       0       0       0       0
Total ram usage:       20 bytes
 Hardware stack levels used:    1
 Hardware stack levels required when called:    2
 This function calls:
		_FIFO_scheduler
		___wmul
 This function is called by:
		Interrupt level 2
 This function uses a non-reentrant model


 *************** function _FIFO_scheduler *****************
 Defined at:
		line 21 in file "scheduler.c"
 Parameters:    Size  Location     Type
		None
 Auto vars:     Size  Location     Type
  task_to_run     2    9[COMRAM] unsigned int 
 Return value:  Size  Location     Type
                  2    5[COMRAM] unsigned int 
 Registers used:
		wreg, fsr2l, fsr2h, status,2, status,0, cstack
 Tracked objects:
		On entry : 
		On exit  : 
		Unchanged: 
 Data sizes:     COMRAM   BANK0   BANK1   BANK2   BANK3   BANK4   BANK5
      Params:         2       0       0       0       0       0       0
      Locals:         2       0       0       0       0       0       0
      Temps:          2       0       0       0       0       0       0
      Totals:         6       0       0       0       0       0       0
Total ram usage:        6 bytes
 Hardware stack levels used:    1
 Hardware stack levels required when called:    1
 This function calls:
		___lwmod
 This function is called by:
		_isr_INTERRUPTS
 This function uses a non-reentrant model


 *************** function ___lwmod *****************
 Defined at:
		line 7 in file "C:\Program Files\Microchip\xc8\v2.20\pic\sources\c99\common\lwmod.c"
 Parameters:    Size  Location     Type
  dividend        2    0[COMRAM] unsigned int 
  divisor         2    2[COMRAM] unsigned int 
 Auto vars:     Size  Location     Type
  counter         1    4[COMRAM] unsigned char 
 Return value:  Size  Location     Type
                  2    0[COMRAM] unsigned int 
 Registers used:
		wreg, status,2, status,0
 Tracked objects:
		On entry : 
		On exit  : 
		Unchanged: 
 Data sizes:     COMRAM   BANK0   BANK1   BANK2   BANK3   BANK4   BANK5
      Params:         4       0       0       0       0       0       0
      Locals:         1       0       0       0       0       0       0
      Temps:          0       0       0       0       0       0       0
      Totals:         5       0       0       0       0       0       0
Total ram usage:        5 bytes
 Hardware stack levels used:    1
 This function calls:
		Nothing
 This function is called by:
		_FIFO_scheduler
 This function uses a non-reentrant model



MODULE INFORMATION

Module		Function		Class		Link	Load	Size
C:\Program Files\Microchip\xc8\v2.20\pic\sources\c99\common\Umul16.c
		___wmul        		CODE           	03C2	0000	151

C:\Program Files\Microchip\xc8\v2.20\pic\sources\c99\common\Umul16.c estimated size: 151

C:\Program Files\Microchip\xc8\v2.20\pic\sources\c99\common\lwmod.c
		___lwmod       		CODE           	0528	0000	101

C:\Program Files\Microchip\xc8\v2.20\pic\sources\c99\common\lwmod.c estimated size: 101

kernel.c
		_isr_INTERRUPTS		CODE           	0008	0000	947
		_create_task   		CODE           	0458	0000	109
		_start_os      		CODE           	0680	0000	5
		_config_os     		CODE           	063A	0000	37

kernel.c estimated size: 1098

shared
		__initialization		CODE           	065E	0000	21

shared estimated size: 21

scheduler.c
		_FIFO_scheduler		CODE           	058C	0000	55

scheduler.c estimated size: 55

user_tasks.c
		_task_2        		CODE           	05EC	0000	41
		_task_3        		CODE           	05C2	0000	43
		_task_1        		CODE           	0614	0000	39
		_config_tasks  		CODE           	0678	0000	9

user_tasks.c estimated size: 132

main.c
		_main          		CODE           	04C4	0000	101

main.c estimated size: 101

